01:53 +1062 -17: Some tests failed.
